[SMALLRIG] 카테고리 109개
    d210  카메라 케이지
    d21010  SONY
    d21020  CANON
    d21030  NIKON
    d21040  Vlog Rig
    d21050  FUJIFILM
    d21070  RED KOMODO
    d21080  DSLR
    d21090  Z CAM
    d210a0  GoPro
    d210b0  insta360
    d210c0  SIGMA
    d210d0  BMPCC
    d210e0  Panasonic
    d210f0  MONITOR
    d210g0  DJI
    d210h0  LEICA
    d210i0  IPAD
    d220  마운팅브라켓
    d22010  모니터 홀더
    d22020  클램프
    d22030  매직암
    d22040  석션컵 마운트
    d22050  배터리 마운트
    d22060  데스크탑 마운트
    d230  핸들
    d23010  탑핸들
    d23020  사이드 핸들
    d240  삼각대
    d24010  비디오 삼각대
    d24020  포토삼각대
    d24030  브이로그 삼각대
    d24060  헤드
    d240a0  L 플레이트
    d240c0  액세서리
    d240d0  플레이트
    d250  숄더리그
    d25010  숄더리그 키트
    d25020  숄더패드
    d25030  플레이트
    d25040  로드 & 클램프
    d260  짐벌리그
    d26010  핸드그립
    d26020  플레이트
    d26030  마운트
    d26040  카운터 웨이트
    d26050  스트랩
    d26060  액세서리
    d270  폰리그
    d27010  케이지
    d27020  비디오 촬영 키트
    d27040  필터
    d27050  홀더
    d27060  핸들
    d27070  기타 액세서리
    d280  조명
    d28010  COB 조명
    d28020  LED 조명
    d28030  소프트박스
    d28040  조명 스탠드
    d28050  액세서리
    d290  매트박스
    d29010  매트박스
    d29020  로드
    d29030  필터
    d29040  액세서리
    d2a0  렌즈 컨트롤 시스템
    d2a010  팔로우 포커스
    d2a020  포커스 기어링
    d2a030  액세서리
    d2b0  파워 솔루션
    d2b010  V마운트 배터리
    d2b020  카메라 배터리
    d2b030  플레이트
    d2b040  어댑터
    d2b050  더미 배터리
    d2c0  마이크
    d2c010  카메라 마운트 마이크
    d2c020  무선&핀 마이크
    d2c030  USB 마이크
    d2c040  마이크 서포트
    d2c050  마이크 케이블
    d2f0  액세서리
    d2f010  콜드슈
    d2f020  나토 레일 & 클램프
    d2f030  볼트 & 멀티툴
    d2f040  스트랩 & 파우치
    d2f050  메모리 케이스
    d2f060  케이블 & 클램프
    d2f070  퀵릴리즈 어댑터
    d2f080  클램프
    d2f090  하프케이스
    d2f0a0  가방
    d2f0b0  엄지그립
    d2f0c0  위장막
    d2f0d0  넥마운트
    d2f0e0  카메라 카트
    d2f0f0  보호 필름
    d2g0  브랜드별 제품
    d2g010  소니
    d2g020  캐논
    d2g030  니콘
    d2g040  후지필름
    d2g050  파나소닉
    d2g060  라이카
    d2g070  DJI
    d2g080  GoPro
    d2g090  Insta360
    d2g0a0  iPhone
  … 리스트 수집 p10 (152개)
  · 카메라 케이지(d210) 제품 196개
    … 20/196
    … 40/196
    … 60/196
    … 80/196
    … 100/196
    … 120/196
    … 140/196
    … 160/196
    … 180/196
  · SONY(d21010) 제품 79개
  · CANON(d21020) 제품 55개
    … 20/55
  · NIKON(d21030) 제품 41개
  · Vlog Rig(d21040) 제품 1개
  · FUJIFILM(d21050) 제품 59개
    … 20/59
  · RED KOMODO(d21070) 제품 1개
  · DSLR(d21080) 제품 0개
  · Z CAM(d21090) 제품 0개
  · GoPro(d210a0) 제품 4개
  · insta360(d210b0) 제품 1개
  · SIGMA(d210c0) 제품 2개
  · BMPCC(d210d0) 제품 5개
  · Panasonic(d210e0) 제품 25개
  · MONITOR(d210f0) 제품 4개
  · DJI(d210g0) 제품 15개
  · LEICA(d210h0) 제품 3개
  · IPAD(d210i0) 제품 0개
  · 마운팅브라켓(d220) 제품 78개
    … 20/78
    … 40/78
    … 60/78
  · 모니터 홀더(d22010) 제품 21개
  · 클램프(d22020) 제품 15개
  · 매직암(d22030) 제품 41개
  · 석션컵 마운트(d22040) 제품 14개
  · 배터리 마운트(d22050) 제품 1개
  · 데스크탑 마운트(d22060) 제품 6개
  · 핸들(d230) 제품 45개
    … 20/45
    … 40/45
  · 탑핸들(d23010) 제품 27개
    … 20/27
  · 사이드 핸들(d23020) 제품 34개
  … 리스트 수집 p10 (121개)
  · 삼각대(d240) 제품 121개
    … 20/121
    … 60/121
    … 80/121
    … 100/121
    … 120/121
  · 비디오 삼각대(d24010) 제품 28개
    … 20/28
  · 포토삼각대(d24020) 제품 28개
  · 브이로그 삼각대(d24030) 제품 17개
  · 헤드(d24060) 제품 14개
  · L 플레이트(d240a0) 제품 84개
  · 액세서리(d240c0) 제품 3개
  · 플레이트(d240d0) 제품 8개
  · 숄더리그(d250) 제품 31개
    … 20/31
  · 숄더리그 키트(d25010) 제품 8개
  · 숄더패드(d25020) 제품 4개
  · 플레이트(d25030) 제품 13개
  · 로드 & 클램프(d25040) 제품 18개
  · 짐벌리그(d260) 제품 63개
    … 20/63
    … 40/63
    … 60/63
  · 핸드그립(d26010) 제품 20개
  · 플레이트(d26020) 제품 7개
  · 마운트(d26030) 제품 17개
  · 카운터 웨이트(d26040) 제품 5개
  · 스트랩(d26050) 제품 1개
  · 액세서리(d26060) 제품 35개
  · 폰리그(d270) 제품 49개
    … 20/49
    … 40/49
  · 케이지(d27010) 제품 41개
  · 비디오 촬영 키트(d27020) 제품 8개
  · 필터(d27040) 제품 5개
  · 홀더(d27050) 제품 8개
  · 핸들(d27060) 제품 2개
  · 기타 액세서리(d27070) 제품 9개
  · 조명(d280) 제품 35개
    … 20/35
  · COB 조명(d28010) 제품 8개
  · LED 조명(d28020) 제품 3개
  · 소프트박스(d28030) 제품 18개
  · 조명 스탠드(d28040) 제품 6개
  · 액세서리(d28050) 제품 15개
  · 매트박스(d290) 제품 25개
    … 20/25
  · 매트박스(d29010) 제품 9개
  · 로드(d29020) 제품 2개
  · 필터(d29030) 제품 27개
    … 20/27
  · 액세서리(d29040) 제품 6개
  · 렌즈 컨트롤 시스템(d2a0) 제품 20개
    … 20/20
  · 팔로우 포커스(d2a010) 제품 8개
  · 포커스 기어링(d2a020) 제품 12개
  · 액세서리(d2a030) 제품 3개
  · 파워 솔루션(d2b0) 제품 54개
    … 20/54
    … 40/54
  · V마운트 배터리(d2b010) 제품 15개
  · 카메라 배터리(d2b020) 제품 21개
  · 플레이트(d2b030) 제품 26개
  · 어댑터(d2b040) 제품 4개
  · 더미 배터리(d2b050) 제품 9개
  · 마이크(d2c0) 제품 13개
  · 카메라 마운트 마이크(d2c010) 제품 2개
  · 무선&핀 마이크(d2c020) 제품 4개
  · USB 마이크(d2c030) 제품 2개
  · 마이크 서포트(d2c040) 제품 2개
  · 마이크 케이블(d2c050) 제품 2개
  … 리스트 수집 p10 (138개)
  · 액세서리(d2f0) 제품 139개
    … 20/139
    … 40/139
    … 60/139
    … 80/139
    … 100/139
  · 콜드슈(d2f010) 제품 23개
  · 나토 레일 & 클램프(d2f020) 제품 7개
  · 볼트 & 멀티툴(d2f030) 제품 18개
  · 스트랩 & 파우치(d2f040) 제품 12개
  · 메모리 케이스(d2f050) 제품 3개
  · 케이블 & 클램프(d2f060) 제품 57개
  · 퀵릴리즈 어댑터(d2f070) 제품 8개
  · 클램프(d2f080) 제품 8개
  · 하프케이스(d2f090) 제품 33개
  · 가방(d2f0a0) 제품 0개
  · 엄지그립(d2f0b0) 제품 13개
  · 위장막(d2f0c0) 제품 2개
  · 넥마운트(d2f0d0) 제품 6개
  · 카메라 카트(d2f0e0) 제품 2개
  · 보호 필름(d2f0f0) 제품 4개
  … 리스트 수집 p10 (141개)
  · 브랜드별 제품(d2g0) 제품 171개
  · 소니(d2g010) 제품 58개
    … 20/58
  · 캐논(d2g020) 제품 28개
  · 니콘(d2g030) 제품 24개
  · 후지필름(d2g040) 제품 43개
  · 파나소닉(d2g050) 제품 15개
  · 라이카(d2g060) 제품 3개
  · DJI(d2g070) 제품 67개
  · GoPro(d2g080) 제품 1개
  · Insta360(d2g090) 제품 1개
  · iPhone(d2g0a0) 제품 23개

=== [kpp/SMALLRIG] 수집 완료 ===
  제품 1192개 · 카테고리 109개
  가격없음 2 / 대표이미지없음 0 / 상세없음 2
  저장: \\Nadaunproject\nadaunproject\_Site\nadaun-shop\data\_pending\kpp__SMALLRIG.json
  → 검수: review.html 에서 확인 후 승인
